
C:\Users\offic\IdeaProjects\webServer\testData\servers\mockServer>java -Xmx1028M -Xms1028M -jar server.jar 
Error: Unable to access jarfile server.jar

C:\Users\offic\IdeaProjects\webServer\testData\servers\mockServer>java -Xmx1028M -Xms1028M -jar server.jar 
Error: Unable to access jarfile server.jar

C:\Users\offic\IdeaProjects\webServer\testData\servers\mockServer>java -Xmx1028M -Xms1028M -jar server.jar 
Error: Unable to access jarfile server.jar

C:\Users\offic\IdeaProjects\webServer\testData\servers\mockServer>java -Xmx1028M -Xms1028M -jar server.jar 
Error: Unable to access jarfile server.jar

C:\Users\offic\IdeaProjects\webServer\testData\servers\mockServer>java -Xmx1028M -Xms1028M -jar server.jar 
Error: Unable to access jarfile server.jar

C:\Users\offic\IdeaProjects\webServer\testData\servers\mockServer>java -Xmx1028M -Xms1028M -jar server.jar 
Error: Unable to access jarfile server.jar

C:\Users\offic\IdeaProjects\webServer\testData\servers\mockServer>java -Xmx1028M -Xms1028M -jar server.jar 
Error: Unable to access jarfile server.jar

C:\Users\offic\IdeaProjects\webServer\testData\servers\mockServer>java -Xmx1028M -Xms1028M -jar server.jar 
Error: Unable to access jarfile server.jar

C:\Users\offic\IdeaProjects\webServer\testData\servers\mockServer>java -Xmx1028M -Xms1028M -jar server.jar 
Error: Unable to access jarfile server.jar

C:\Users\offic\IdeaProjects\webServer\testData\servers\mockServer>java -Xmx1028M -Xms1028M -jar server.jar 
Error: Unable to access jarfile server.jar

C:\Users\offic\IdeaProjects\webServer\testData\servers\mockServer>java -Xmx1028M -Xms1028M -jar server.jar 
Error: Unable to access jarfile server.jar

C:\Users\offic\IdeaProjects\webServer\testData\servers\mockServer>java -Xmx1028M -Xms1028M -jar server.jar 
Error: Unable to access jarfile server.jar

C:\Users\offic\IdeaProjects\webServer\testData\servers\mockServer>java -Xmx1028M -Xms1028M -jar server.jar 
Error: Unable to access jarfile server.jar

C:\Users\offic\IdeaProjects\webServer\testData\servers\mockServer>java -Xmx1028M -Xms1028M -jar server.jar 
Error: Unable to access jarfile server.jar

C:\Users\offic\IdeaProjects\webServer\testData\servers\mockServer>java -Xmx1028M -Xms1028M -jar server.jar 
Error: Unable to access jarfile server.jar

C:\Users\offic\IdeaProjects\webServer\testData\servers\mockServer>java -Xmx1028M -Xms1028M -jar server.jar 
Error: Unable to access jarfile server.jar

C:\Users\offic\IdeaProjects\webServer\testData\servers\mockServer>java -Xmx1028M -Xms1028M -jar server.jar 
Error: Unable to access jarfile server.jar

C:\Users\offic\IdeaProjects\webServer\testData\servers\mockServer>java -Xmx1028M -Xms1028M -jar server.jar 
Error: Unable to access jarfile server.jar

C:\Users\offic\IdeaProjects\webServer\testData\servers\mockServer>java -Xmx1028M -Xms1028M -jar server.jar 
Error: Unable to access jarfile server.jar

C:\Users\offic\IdeaProjects\webServer\testData\servers\mockServer>java -Xmx1028M -Xms1028M -jar server.jar 
Error: Unable to access jarfile server.jar

C:\Users\offic\IdeaProjects\webServer\testData\servers\mockServer>java -Xmx1028M -Xms1028M -jar server.jar 
Error: Unable to access jarfile server.jar

C:\Users\offic\IdeaProjects\webServer\testData\servers\mockServer>java -Xmx1028M -Xms1028M -jar server.jar 
Error: Unable to access jarfile server.jar

C:\Users\offic\IdeaProjects\webServer\testData\servers\mockServer>java -Xmx1028M -Xms1028M -jar server.jar 
Error: Unable to access jarfile server.jar

C:\Users\offic\IdeaProjects\webServer\testData\servers\mockServer>java -Xmx1028M -Xms1028M -jar server.jar 
Error: Unable to access jarfile server.jar

C:\Users\offic\IdeaProjects\webServer\testData\servers\mockServer>java -Xmx1028M -Xms1028M -jar server.jar 
Error: Unable to access jarfile server.jar

C:\Users\offic\IdeaProjects\webServer\testData\servers\mockServer>java -Xmx1028M -Xms1028M -jar server.jar 
Error: Unable to access jarfile server.jar

C:\Users\offic\IdeaProjects\webServer\testData\servers\mockServer>java -Xmx1028M -Xms1028M -jar server.jar 
Error: LinkageError occurred while loading main class net.minecraft.bundler.Main
	java.lang.UnsupportedClassVersionError: net/minecraft/bundler/Main has been compiled by a more recent version of the Java Runtime (class file version 65.0), this version of the Java Runtime only recognizes class file versions up to 61.0

C:\Users\offic\IdeaProjects\webServer\testData\servers\mockServer>java -Xmx1028M -Xms1028M -jar server.jar 
Unpacking 1.21.1/server-1.21.1.jar (versions:1.21.1) to versions\1.21.1\server-1.21.1.jar
Unpacking com/github/oshi/oshi-core/6.4.10/oshi-core-6.4.10.jar (libraries:com.github.oshi:oshi-core:6.4.10) to libraries\com\github\oshi\oshi-core\6.4.10\oshi-core-6.4.10.jar
Unpacking com/google/code/gson/gson/2.10.1/gson-2.10.1.jar (libraries:com.google.code.gson:gson:2.10.1) to libraries\com\google\code\gson\gson\2.10.1\gson-2.10.1.jar
Unpacking com/google/guava/failureaccess/1.0.1/failureaccess-1.0.1.jar (libraries:com.google.guava:failureaccess:1.0.1) to libraries\com\google\guava\failureaccess\1.0.1\failureaccess-1.0.1.jar
Unpacking com/google/guava/guava/32.1.2-jre/guava-32.1.2-jre.jar (libraries:com.google.guava:guava:32.1.2-jre) to libraries\com\google\guava\guava\32.1.2-jre\guava-32.1.2-jre.jar
Unpacking com/mojang/authlib/6.0.54/authlib-6.0.54.jar (libraries:com.mojang:authlib:6.0.54) to libraries\com\mojang\authlib\6.0.54\authlib-6.0.54.jar
Unpacking com/mojang/brigadier/1.3.10/brigadier-1.3.10.jar (libraries:com.mojang:brigadier:1.3.10) to libraries\com\mojang\brigadier\1.3.10\brigadier-1.3.10.jar
Unpacking com/mojang/datafixerupper/8.0.16/datafixerupper-8.0.16.jar (libraries:com.mojang:datafixerupper:8.0.16) to libraries\com\mojang\datafixerupper\8.0.16\datafixerupper-8.0.16.jar
Unpacking com/mojang/logging/1.2.7/logging-1.2.7.jar (libraries:com.mojang:logging:1.2.7) to libraries\com\mojang\logging\1.2.7\logging-1.2.7.jar
Unpacking commons-io/commons-io/2.15.1/commons-io-2.15.1.jar (libraries:commons-io:commons-io:2.15.1) to libraries\commons-io\commons-io\2.15.1\commons-io-2.15.1.jar
Unpacking io/netty/netty-buffer/4.1.97.Final/netty-buffer-4.1.97.Final.jar (libraries:io.netty:netty-buffer:4.1.97.Final) to libraries\io\netty\netty-buffer\4.1.97.Final\netty-buffer-4.1.97.Final.jar
Unpacking io/netty/netty-codec/4.1.97.Final/netty-codec-4.1.97.Final.jar (libraries:io.netty:netty-codec:4.1.97.Final) to libraries\io\netty\netty-codec\4.1.97.Final\netty-codec-4.1.97.Final.jar
Unpacking io/netty/netty-common/4.1.97.Final/netty-common-4.1.97.Final.jar (libraries:io.netty:netty-common:4.1.97.Final) to libraries\io\netty\netty-common\4.1.97.Final\netty-common-4.1.97.Final.jar
Unpacking io/netty/netty-handler/4.1.97.Final/netty-handler-4.1.97.Final.jar (libraries:io.netty:netty-handler:4.1.97.Final) to libraries\io\netty\netty-handler\4.1.97.Final\netty-handler-4.1.97.Final.jar
Unpacking io/netty/netty-resolver/4.1.97.Final/netty-resolver-4.1.97.Final.jar (libraries:io.netty:netty-resolver:4.1.97.Final) to libraries\io\netty\netty-resolver\4.1.97.Final\netty-resolver-4.1.97.Final.jar
Unpacking io/netty/netty-transport/4.1.97.Final/netty-transport-4.1.97.Final.jar (libraries:io.netty:netty-transport:4.1.97.Final) to libraries\io\netty\netty-transport\4.1.97.Final\netty-transport-4.1.97.Final.jar
Unpacking io/netty/netty-transport-classes-epoll/4.1.97.Final/netty-transport-classes-epoll-4.1.97.Final.jar (libraries:io.netty:netty-transport-classes-epoll:4.1.97.Final) to libraries\io\netty\netty-transport-classes-epoll\4.1.97.Final\netty-transport-classes-epoll-4.1.97.Final.jar
Unpacking io/netty/netty-transport-native-epoll/4.1.97.Final/netty-transport-native-epoll-4.1.97.Final-linux-x86_64.jar (libraries:io.netty:netty-transport-native-epoll:4.1.97.Final:linux-x86_64) to libraries\io\netty\netty-transport-native-epoll\4.1.97.Final\netty-transport-native-epoll-4.1.97.Final-linux-x86_64.jar
Unpacking io/netty/netty-transport-native-epoll/4.1.97.Final/netty-transport-native-epoll-4.1.97.Final-linux-aarch_64.jar (libraries:io.netty:netty-transport-native-epoll:4.1.97.Final:linux-aarch_64) to libraries\io\netty\netty-transport-native-epoll\4.1.97.Final\netty-transport-native-epoll-4.1.97.Final-linux-aarch_64.jar
Unpacking io/netty/netty-transport-native-unix-common/4.1.97.Final/netty-transport-native-unix-common-4.1.97.Final.jar (libraries:io.netty:netty-transport-native-unix-common:4.1.97.Final) to libraries\io\netty\netty-transport-native-unix-common\4.1.97.Final\netty-transport-native-unix-common-4.1.97.Final.jar
Unpacking it/unimi/dsi/fastutil/8.5.12/fastutil-8.5.12.jar (libraries:it.unimi.dsi:fastutil:8.5.12) to libraries\it\unimi\dsi\fastutil\8.5.12\fastutil-8.5.12.jar
Unpacking net/java/dev/jna/jna/5.14.0/jna-5.14.0.jar (libraries:net.java.dev.jna:jna:5.14.0) to libraries\net\java\dev\jna\jna\5.14.0\jna-5.14.0.jar
Unpacking net/java/dev/jna/jna-platform/5.14.0/jna-platform-5.14.0.jar (libraries:net.java.dev.jna:jna-platform:5.14.0) to libraries\net\java\dev\jna\jna-platform\5.14.0\jna-platform-5.14.0.jar
Unpacking net/sf/jopt-simple/jopt-simple/5.0.4/jopt-simple-5.0.4.jar (libraries:net.sf.jopt-simple:jopt-simple:5.0.4) to libraries\net\sf\jopt-simple\jopt-simple\5.0.4\jopt-simple-5.0.4.jar
Unpacking org/apache/commons/commons-lang3/3.14.0/commons-lang3-3.14.0.jar (libraries:org.apache.commons:commons-lang3:3.14.0) to libraries\org\apache\commons\commons-lang3\3.14.0\commons-lang3-3.14.0.jar
Unpacking org/apache/logging/log4j/log4j-api/2.22.1/log4j-api-2.22.1.jar (libraries:org.apache.logging.log4j:log4j-api:2.22.1) to libraries\org\apache\logging\log4j\log4j-api\2.22.1\log4j-api-2.22.1.jar
Unpacking org/apache/logging/log4j/log4j-core/2.22.1/log4j-core-2.22.1.jar (libraries:org.apache.logging.log4j:log4j-core:2.22.1) to libraries\org\apache\logging\log4j\log4j-core\2.22.1\log4j-core-2.22.1.jar
Unpacking org/apache/logging/log4j/log4j-slf4j2-impl/2.22.1/log4j-slf4j2-impl-2.22.1.jar (libraries:org.apache.logging.log4j:log4j-slf4j2-impl:2.22.1) to libraries\org\apache\logging\log4j\log4j-slf4j2-impl\2.22.1\log4j-slf4j2-impl-2.22.1.jar
Unpacking org/joml/joml/1.10.5/joml-1.10.5.jar (libraries:org.joml:joml:1.10.5) to libraries\org\joml\joml\1.10.5\joml-1.10.5.jar
Unpacking org/lz4/lz4-java/1.8.0/lz4-java-1.8.0.jar (libraries:org.lz4:lz4-java:1.8.0) to libraries\org\lz4\lz4-java\1.8.0\lz4-java-1.8.0.jar
Unpacking org/slf4j/slf4j-api/2.0.9/slf4j-api-2.0.9.jar (libraries:org.slf4j:slf4j-api:2.0.9) to libraries\org\slf4j\slf4j-api\2.0.9\slf4j-api-2.0.9.jar
Starting net.minecraft.server.Main
[21:24:38] [ServerMain/ERROR]: Failed to load properties from file: server.properties
java.nio.file.NoSuchFileException: server.properties
	at java.base/sun.nio.fs.WindowsException.translateToIOException(WindowsException.java:85) ~[?:?]
	at java.base/sun.nio.fs.WindowsException.rethrowAsIOException(WindowsException.java:103) ~[?:?]
	at java.base/sun.nio.fs.WindowsException.rethrowAsIOException(WindowsException.java:108) ~[?:?]
	at java.base/sun.nio.fs.WindowsFileSystemProvider.newByteChannel(WindowsFileSystemProvider.java:234) ~[?:?]
	at java.base/java.nio.file.Files.newByteChannel(Files.java:379) ~[?:?]
	at java.base/java.nio.file.Files.newByteChannel(Files.java:431) ~[?:?]
	at java.base/java.nio.file.spi.FileSystemProvider.newInputStream(FileSystemProvider.java:420) ~[?:?]
	at java.base/java.nio.file.Files.newInputStream(Files.java:159) ~[?:?]
	at apr.b(SourceFile:62) ~[server-1.21.1.jar:?]
	at apo.a(SourceFile:141) ~[server-1.21.1.jar:?]
	at app.<init>(SourceFile:12) ~[server-1.21.1.jar:?]
	at net.minecraft.server.Main.main(SourceFile:114) ~[server-1.21.1.jar:?]
	at net.minecraft.bundler.Main.lambda$run$0(Main.java:54) ~[?:?]
	at java.base/java.lang.Thread.run(Thread.java:1583) [?:?]
[21:24:39] [ServerMain/WARN]: Failed to load eula.txt
[21:24:39] [ServerMain/INFO]: You need to agree to the EULA in order to run the server. Go to eula.txt for more info.

C:\Users\offic\IdeaProjects\webServer\testData\servers\mockServer>java -Xmx1028M -Xms1028M -jar server.jar 
Starting net.minecraft.server.Main
[21:25:11] [ServerMain/INFO]: Environment: Environment[sessionHost=https://sessionserver.mojang.com, servicesHost=https://api.minecraftservices.com, name=PROD]
[21:25:11] [ServerMain/INFO]: No existing world data, creating new world
[21:25:12] [ServerMain/INFO]: Loaded 1290 recipes
[21:25:12] [ServerMain/INFO]: Loaded 1399 advancements
[21:25:13] [Server thread/INFO]: Starting minecraft server version 1.21.1
[21:25:13] [Server thread/INFO]: Loading properties
[21:25:13] [Server thread/INFO]: Default game type: SURVIVAL
[21:25:13] [Server thread/INFO]: Generating keypair
[21:25:13] [Server thread/INFO]: Starting Minecraft server on *:25565
[21:25:13] [Server thread/INFO]: Using default channel type
[21:25:13] [Server thread/INFO]: Preparing level "world"
[21:25:14] [Server thread/INFO]: Preparing start region for dimension minecraft:overworld
[21:25:14] [Worker-Main-15/INFO]: Preparing spawn area: 2%
[21:25:15] [Worker-Main-12/INFO]: Preparing spawn area: 2%
[21:25:15] [Worker-Main-8/INFO]: Preparing spawn area: 18%
[21:25:16] [Worker-Main-11/INFO]: Preparing spawn area: 51%
[21:25:16] [Server thread/INFO]: Time elapsed: 1583 ms
[21:25:16] [Server thread/INFO]: Done (3.148s)! For help, type "help"
[21:28:09] [User Authenticator #1/INFO]: UUID of player FrenchTheToast is fbc46b21-23ab-4ec8-8c7c-7fa51d838a1d
[21:28:10] [Server thread/INFO]: FrenchTheToast[/127.0.0.1:63522] logged in with entity id 34 at (-9.5, 76.0, -8.5)
[21:28:10] [Server thread/INFO]: FrenchTheToast joined the game
[21:28:46] [Server thread/INFO]: FrenchTheToast lost connection: Disconnected
[21:28:46] [Server thread/INFO]: FrenchTheToast left the game
[21:30:45] [Server thread/INFO]: Stopping server
[21:30:45] [Server thread/INFO]: Saving players
[21:30:45] [Server thread/INFO]: Saving worlds
[21:30:45] [Server thread/INFO]: Saving chunks for level 'ServerLevel[world]'/minecraft:overworld
[21:30:45] [Server thread/INFO]: Saving chunks for level 'ServerLevel[world]'/minecraft:the_nether
[21:30:45] [Server thread/INFO]: Saving chunks for level 'ServerLevel[world]'/minecraft:the_end
[21:30:45] [Server thread/INFO]: ThreadedAnvilChunkStorage (world): All chunks are saved
[21:30:45] [Server thread/INFO]: ThreadedAnvilChunkStorage (DIM-1): All chunks are saved
[21:30:45] [Server thread/INFO]: ThreadedAnvilChunkStorage (DIM1): All chunks are saved
[21:30:45] [Server thread/INFO]: ThreadedAnvilChunkStorage: All dimensions are saved

C:\Users\offic\IdeaProjects\webServer\testData\servers\mockServer>java -Xmx1028M -Xms1028M -jar server.jar 
Starting net.minecraft.server.Main
[21:39:32] [ServerMain/INFO]: Environment: Environment[sessionHost=https://sessionserver.mojang.com, servicesHost=https://api.minecraftservices.com, name=PROD]
[21:39:33] [ServerMain/INFO]: Loaded 1290 recipes
[21:39:33] [ServerMain/INFO]: Loaded 1399 advancements
[21:39:34] [Server thread/INFO]: Starting minecraft server version 1.21.1
[21:39:34] [Server thread/INFO]: Loading properties
[21:39:34] [Server thread/INFO]: Default game type: SURVIVAL
[21:39:34] [Server thread/INFO]: Generating keypair
[21:39:34] [Server thread/INFO]: Starting Minecraft server on *:25565
[21:39:34] [Server thread/INFO]: Using default channel type
[21:39:34] [Server thread/INFO]: Preparing level "world"
[21:39:35] [Server thread/INFO]: Preparing start region for dimension minecraft:overworld
[21:39:35] [Worker-Main-7/INFO]: Preparing spawn area: 0%
[21:39:35] [Server thread/INFO]: Time elapsed: 227 ms
[21:39:35] [Server thread/INFO]: Done (0.824s)! For help, type "help"
[21:39:53] [Server thread/INFO]: Stopping server
[21:39:53] [Server thread/INFO]: Saving players
[21:39:53] [Server thread/INFO]: Saving worlds
[21:39:53] [Server thread/INFO]: Saving chunks for level 'ServerLevel[world]'/minecraft:overworld
[21:39:53] [Server thread/INFO]: Saving chunks for level 'ServerLevel[world]'/minecraft:the_nether
[21:39:53] [Server thread/INFO]: Saving chunks for level 'ServerLevel[world]'/minecraft:the_end
[21:39:53] [Server thread/INFO]: ThreadedAnvilChunkStorage (world): All chunks are saved
[21:39:53] [Server thread/INFO]: ThreadedAnvilChunkStorage (DIM-1): All chunks are saved
[21:39:53] [Server thread/INFO]: ThreadedAnvilChunkStorage (DIM1): All chunks are saved
[21:39:53] [Server thread/INFO]: ThreadedAnvilChunkStorage: All dimensions are saved

C:\Users\offic\IdeaProjects\webServer\testData\servers\mockServer>java -Xmx1028M -Xms1028M -jar server.jar 
Starting net.minecraft.server.Main
[21:40:36] [ServerMain/INFO]: Environment: Environment[sessionHost=https://sessionserver.mojang.com, servicesHost=https://api.minecraftservices.com, name=PROD]
[21:40:37] [ServerMain/INFO]: Loaded 1290 recipes
[21:40:37] [ServerMain/INFO]: Loaded 1399 advancements
[21:40:37] [Server thread/INFO]: Starting minecraft server version 1.21.1
[21:40:37] [Server thread/INFO]: Loading properties
[21:40:37] [Server thread/INFO]: Default game type: SURVIVAL
[21:40:37] [Server thread/INFO]: Generating keypair
[21:40:37] [Server thread/INFO]: Starting Minecraft server on *:25565
[21:40:38] [Server thread/INFO]: Using default channel type
[21:40:38] [Server thread/INFO]: Preparing level "world"
[21:40:38] [Server thread/INFO]: Preparing start region for dimension minecraft:overworld
[21:40:38] [Worker-Main-8/INFO]: Preparing spawn area: 0%
[21:40:38] [Server thread/INFO]: Time elapsed: 254 ms
[21:40:38] [Server thread/INFO]: Done (0.851s)! For help, type "help"
[21:41:49] [Server thread/INFO]: Stopping server
[21:41:49] [Server thread/INFO]: Saving players
[21:41:49] [Server thread/INFO]: Saving worlds
[21:41:49] [Server thread/INFO]: Saving chunks for level 'ServerLevel[world]'/minecraft:overworld
[21:41:49] [Server thread/INFO]: Saving chunks for level 'ServerLevel[world]'/minecraft:the_nether
[21:41:49] [Server thread/INFO]: Saving chunks for level 'ServerLevel[world]'/minecraft:the_end
[21:41:49] [Server thread/INFO]: ThreadedAnvilChunkStorage (world): All chunks are saved
[21:41:49] [Server thread/INFO]: ThreadedAnvilChunkStorage (DIM-1): All chunks are saved
[21:41:49] [Server thread/INFO]: ThreadedAnvilChunkStorage (DIM1): All chunks are saved
[21:41:49] [Server thread/INFO]: ThreadedAnvilChunkStorage: All dimensions are saved

C:\Users\offic\IdeaProjects\webServer\testData\servers\mockServer>java -Xmx1028M -Xms1028M -jar server.jar 
Starting net.minecraft.server.Main
[21:42:24] [ServerMain/INFO]: Environment: Environment[sessionHost=https://sessionserver.mojang.com, servicesHost=https://api.minecraftservices.com, name=PROD]
[21:42:25] [ServerMain/INFO]: Loaded 1290 recipes
[21:42:25] [ServerMain/INFO]: Loaded 1399 advancements
[21:42:26] [Server thread/INFO]: Starting minecraft server version 1.21.1
[21:42:26] [Server thread/INFO]: Loading properties
[21:42:26] [Server thread/INFO]: Default game type: SURVIVAL
[21:42:26] [Server thread/INFO]: Generating keypair
[21:42:26] [Server thread/INFO]: Starting Minecraft server on *:25565
[21:42:26] [Server thread/INFO]: Using default channel type
[21:42:26] [Server thread/INFO]: Preparing level "world"
[21:42:26] [Server thread/INFO]: Preparing start region for dimension minecraft:overworld
[21:42:27] [Worker-Main-8/INFO]: Preparing spawn area: 0%
[21:42:27] [Server thread/INFO]: Time elapsed: 241 ms
[21:42:27] [Server thread/INFO]: Done (0.821s)! For help, type "help"
[21:43:16] [Server thread/INFO]: Stopping server
[21:43:16] [Server thread/INFO]: Saving players
[21:43:16] [Server thread/INFO]: Saving worlds
[21:43:16] [Server thread/INFO]: Saving chunks for level 'ServerLevel[world]'/minecraft:overworld
[21:43:16] [Server thread/INFO]: Saving chunks for level 'ServerLevel[world]'/minecraft:the_end
[21:43:16] [Server thread/INFO]: Saving chunks for level 'ServerLevel[world]'/minecraft:the_nether
[21:43:16] [Server thread/INFO]: ThreadedAnvilChunkStorage (world): All chunks are saved
[21:43:16] [Server thread/INFO]: ThreadedAnvilChunkStorage (DIM1): All chunks are saved
[21:43:16] [Server thread/INFO]: ThreadedAnvilChunkStorage (DIM-1): All chunks are saved
[21:43:16] [Server thread/INFO]: ThreadedAnvilChunkStorage: All dimensions are saved

C:\Users\offic\IdeaProjects\webServer\testData\servers\mockServer>java -Xmx1028M -Xms1028M -jar server.jar 
Starting net.minecraft.server.Main
[21:44:26] [ServerMain/INFO]: Environment: Environment[sessionHost=https://sessionserver.mojang.com, servicesHost=https://api.minecraftservices.com, name=PROD]
[21:44:27] [ServerMain/INFO]: Loaded 1290 recipes
[21:44:27] [ServerMain/INFO]: Loaded 1399 advancements
[21:44:28] [Server thread/INFO]: Starting minecraft server version 1.21.1
[21:44:28] [Server thread/INFO]: Loading properties
[21:44:28] [Server thread/INFO]: Default game type: SURVIVAL
[21:44:28] [Server thread/INFO]: Generating keypair
[21:44:28] [Server thread/INFO]: Starting Minecraft server on *:25565
[21:44:28] [Server thread/INFO]: Using default channel type
[21:44:28] [Server thread/INFO]: Preparing level "world"
[21:44:28] [Server thread/INFO]: Preparing start region for dimension minecraft:overworld
[21:44:29] [Worker-Main-11/INFO]: Preparing spawn area: 0%
[21:44:29] [Server thread/INFO]: Time elapsed: 233 ms
[21:44:29] [Server thread/INFO]: Done (0.821s)! For help, type "help"
[21:44:45] [Server thread/INFO]: Stopping server
[21:44:45] [Server thread/INFO]: Saving players
[21:44:45] [Server thread/INFO]: Saving worlds
[21:44:45] [Server thread/INFO]: Saving chunks for level 'ServerLevel[world]'/minecraft:overworld
[21:44:45] [Server thread/INFO]: Saving chunks for level 'ServerLevel[world]'/minecraft:the_nether
[21:44:45] [Server thread/INFO]: Saving chunks for level 'ServerLevel[world]'/minecraft:the_end
[21:44:45] [Server thread/INFO]: ThreadedAnvilChunkStorage (world): All chunks are saved
[21:44:45] [Server thread/INFO]: ThreadedAnvilChunkStorage (DIM-1): All chunks are saved
[21:44:45] [Server thread/INFO]: ThreadedAnvilChunkStorage (DIM1): All chunks are saved
[21:44:45] [Server thread/INFO]: ThreadedAnvilChunkStorage: All dimensions are saved

C:\Users\offic\IdeaProjects\webServer\testData\servers\mockServer>java -Xmx1028M -Xms1028M -jar server.jar 
Starting net.minecraft.server.Main
[21:45:16] [ServerMain/INFO]: Environment: Environment[sessionHost=https://sessionserver.mojang.com, servicesHost=https://api.minecraftservices.com, name=PROD]
[21:45:17] [ServerMain/INFO]: Loaded 1290 recipes
[21:45:17] [ServerMain/INFO]: Loaded 1399 advancements
[21:45:17] [Server thread/INFO]: Starting minecraft server version 1.21.1
[21:45:17] [Server thread/INFO]: Loading properties
[21:45:17] [Server thread/INFO]: Default game type: SURVIVAL
[21:45:17] [Server thread/INFO]: Generating keypair
[21:45:17] [Server thread/INFO]: Starting Minecraft server on *:25565
[21:45:17] [Server thread/INFO]: Using default channel type
[21:45:18] [Server thread/INFO]: Preparing level "world"
[21:45:18] [Server thread/INFO]: Preparing start region for dimension minecraft:overworld
[21:45:18] [Worker-Main-1/INFO]: Preparing spawn area: 0%
[21:45:18] [Server thread/INFO]: Time elapsed: 240 ms
[21:45:18] [Server thread/INFO]: Done (0.805s)! For help, type "help"
[21:46:05] [Server thread/INFO]: Stopping server
[21:46:05] [Server thread/INFO]: Saving players
[21:46:05] [Server thread/INFO]: Saving worlds
[21:46:05] [Server thread/INFO]: Saving chunks for level 'ServerLevel[world]'/minecraft:overworld
[21:46:05] [Server thread/INFO]: Saving chunks for level 'ServerLevel[world]'/minecraft:the_nether
[21:46:05] [Server thread/INFO]: Saving chunks for level 'ServerLevel[world]'/minecraft:the_end
[21:46:05] [Server thread/INFO]: ThreadedAnvilChunkStorage (world): All chunks are saved
[21:46:05] [Server thread/INFO]: ThreadedAnvilChunkStorage (DIM-1): All chunks are saved
[21:46:05] [Server thread/INFO]: ThreadedAnvilChunkStorage (DIM1): All chunks are saved
[21:46:05] [Server thread/INFO]: ThreadedAnvilChunkStorage: All dimensions are saved

C:\Users\offic\IdeaProjects\webServer\testData\servers\mockServer>java -Xmx1028M -Xms1028M -jar server.jar 
Starting net.minecraft.server.Main
[21:46:14] [ServerMain/INFO]: Environment: Environment[sessionHost=https://sessionserver.mojang.com, servicesHost=https://api.minecraftservices.com, name=PROD]
[21:46:15] [ServerMain/INFO]: Loaded 1290 recipes
[21:46:15] [ServerMain/INFO]: Loaded 1399 advancements
[21:46:16] [Server thread/INFO]: Starting minecraft server version 1.21.1
[21:46:16] [Server thread/INFO]: Loading properties
[21:46:16] [Server thread/INFO]: Default game type: SURVIVAL
[21:46:16] [Server thread/INFO]: Generating keypair
[21:46:16] [Server thread/INFO]: Starting Minecraft server on *:25565
[21:46:16] [Server thread/INFO]: Using default channel type
[21:46:16] [Server thread/INFO]: Preparing level "world"
[21:46:17] [Server thread/INFO]: Preparing start region for dimension minecraft:overworld
[21:46:17] [Worker-Main-15/INFO]: Preparing spawn area: 0%
[21:46:17] [Server thread/INFO]: Time elapsed: 258 ms
[21:46:17] [Server thread/INFO]: Done (0.844s)! For help, type "help"
[21:46:45] [Server thread/INFO]: Stopping server
[21:46:45] [Server thread/INFO]: Saving players
[21:46:45] [Server thread/INFO]: Saving worlds
[21:46:45] [Server thread/INFO]: Saving chunks for level 'ServerLevel[world]'/minecraft:overworld
[21:46:45] [Server thread/INFO]: Saving chunks for level 'ServerLevel[world]'/minecraft:the_nether
[21:46:45] [Server thread/INFO]: Saving chunks for level 'ServerLevel[world]'/minecraft:the_end
[21:46:45] [Server thread/INFO]: ThreadedAnvilChunkStorage (world): All chunks are saved
[21:46:45] [Server thread/INFO]: ThreadedAnvilChunkStorage (DIM-1): All chunks are saved
[21:46:45] [Server thread/INFO]: ThreadedAnvilChunkStorage (DIM1): All chunks are saved
[21:46:45] [Server thread/INFO]: ThreadedAnvilChunkStorage: All dimensions are saved

C:\Users\offic\IdeaProjects\webServer\testData\servers\mockServer>java -Xmx1028M -Xms1028M -jar server.jar 
Starting net.minecraft.server.Main
[21:47:04] [ServerMain/INFO]: Environment: Environment[sessionHost=https://sessionserver.mojang.com, servicesHost=https://api.minecraftservices.com, name=PROD]
[21:47:05] [ServerMain/INFO]: Loaded 1290 recipes
[21:47:05] [ServerMain/INFO]: Loaded 1399 advancements
[21:47:06] [Server thread/INFO]: Starting minecraft server version 1.21.1
[21:47:06] [Server thread/INFO]: Loading properties
[21:47:06] [Server thread/INFO]: Default game type: SURVIVAL
[21:47:06] [Server thread/INFO]: Generating keypair
[21:47:06] [Server thread/INFO]: Starting Minecraft server on *:25565
[21:47:06] [Server thread/INFO]: Using default channel type
[21:47:06] [Server thread/INFO]: Preparing level "world"
[21:47:06] [Server thread/INFO]: Preparing start region for dimension minecraft:overworld
[21:47:06] [Worker-Main-11/INFO]: Preparing spawn area: 0%
[21:47:07] [Server thread/INFO]: Time elapsed: 223 ms
[21:47:07] [Server thread/INFO]: Done (0.758s)! For help, type "help"
[21:48:03] [Server thread/INFO]: Stopping server
[21:48:03] [Server thread/INFO]: Saving players
[21:48:03] [Server thread/INFO]: Saving worlds
[21:48:03] [Server thread/INFO]: Saving chunks for level 'ServerLevel[world]'/minecraft:overworld
[21:48:03] [Server thread/INFO]: Saving chunks for level 'ServerLevel[world]'/minecraft:the_nether
[21:48:03] [Server thread/INFO]: Saving chunks for level 'ServerLevel[world]'/minecraft:the_end
[21:48:03] [Server thread/INFO]: ThreadedAnvilChunkStorage (world): All chunks are saved
[21:48:03] [Server thread/INFO]: ThreadedAnvilChunkStorage (DIM-1): All chunks are saved
[21:48:03] [Server thread/INFO]: ThreadedAnvilChunkStorage (DIM1): All chunks are saved
[21:48:03] [Server thread/INFO]: ThreadedAnvilChunkStorage: All dimensions are saved

C:\Users\offic\IdeaProjects\webServer\testData\servers\mockServer>java -Xmx1028M -Xms1028M -jar server.jar 
Starting net.minecraft.server.Main
[21:48:19] [ServerMain/INFO]: Environment: Environment[sessionHost=https://sessionserver.mojang.com, servicesHost=https://api.minecraftservices.com, name=PROD]
[21:48:20] [ServerMain/INFO]: Loaded 1290 recipes
[21:48:20] [ServerMain/INFO]: Loaded 1399 advancements
[21:48:21] [Server thread/INFO]: Starting minecraft server version 1.21.1
[21:48:21] [Server thread/INFO]: Loading properties
[21:48:21] [Server thread/INFO]: Default game type: SURVIVAL
[21:48:21] [Server thread/INFO]: Generating keypair
[21:48:21] [Server thread/INFO]: Starting Minecraft server on *:25565
[21:48:21] [Server thread/INFO]: Using default channel type
[21:48:21] [Server thread/INFO]: Preparing level "world"
[21:48:22] [Server thread/INFO]: Preparing start region for dimension minecraft:overworld
[21:48:22] [Worker-Main-11/INFO]: Preparing spawn area: 0%
[21:48:22] [Server thread/INFO]: Time elapsed: 237 ms
[21:48:22] [Server thread/INFO]: Done (0.769s)! For help, type "help"
[21:48:28] [Server thread/INFO]: Stopping the server
[21:48:28] [Server thread/INFO]: Stopping server
[21:48:28] [Server thread/INFO]: Saving players
[21:48:28] [Server thread/INFO]: Saving worlds
[21:48:28] [Server thread/INFO]: Saving chunks for level 'ServerLevel[world]'/minecraft:overworld
[21:48:28] [Server thread/INFO]: Saving chunks for level 'ServerLevel[world]'/minecraft:the_nether
[21:48:28] [Server thread/INFO]: Saving chunks for level 'ServerLevel[world]'/minecraft:the_end
[21:48:28] [Server thread/INFO]: ThreadedAnvilChunkStorage (world): All chunks are saved
[21:48:28] [Server thread/INFO]: ThreadedAnvilChunkStorage (DIM-1): All chunks are saved
[21:48:28] [Server thread/INFO]: ThreadedAnvilChunkStorage (DIM1): All chunks are saved
[21:48:28] [Server thread/INFO]: ThreadedAnvilChunkStorage: All dimensions are saved

C:\Users\offic\IdeaProjects\webServer\testData\servers\mockServer>java -Xmx1028M -Xms1028M -jar server.jar 
Starting net.minecraft.server.Main
[21:49:25] [ServerMain/INFO]: Environment: Environment[sessionHost=https://sessionserver.mojang.com, servicesHost=https://api.minecraftservices.com, name=PROD]
[21:49:26] [ServerMain/INFO]: Loaded 1290 recipes
[21:49:26] [ServerMain/INFO]: Loaded 1399 advancements
[21:49:27] [Server thread/INFO]: Starting minecraft server version 1.21.1
[21:49:27] [Server thread/INFO]: Loading properties
[21:49:27] [Server thread/INFO]: Default game type: SURVIVAL
[21:49:27] [Server thread/INFO]: Generating keypair
[21:49:27] [Server thread/INFO]: Starting Minecraft server on *:25565
[21:49:27] [Server thread/INFO]: Using default channel type
[21:49:27] [Server thread/INFO]: Preparing level "world"
[21:49:27] [Server thread/INFO]: Preparing start region for dimension minecraft:overworld
[21:49:27] [Worker-Main-6/INFO]: Preparing spawn area: 0%
[21:49:28] [Server thread/INFO]: Time elapsed: 244 ms
[21:49:28] [Server thread/INFO]: Done (0.799s)! For help, type "help"
[21:49:30] [Server thread/INFO]: Stopping the server
[21:49:30] [Server thread/INFO]: Stopping server
[21:49:30] [Server thread/INFO]: Saving players
[21:49:30] [Server thread/INFO]: Saving worlds
[21:49:30] [Server thread/INFO]: Saving chunks for level 'ServerLevel[world]'/minecraft:overworld
[21:49:30] [Server thread/INFO]: Saving chunks for level 'ServerLevel[world]'/minecraft:the_nether
[21:49:30] [Server thread/INFO]: Saving chunks for level 'ServerLevel[world]'/minecraft:the_end
[21:49:30] [Server thread/INFO]: ThreadedAnvilChunkStorage (world): All chunks are saved
[21:49:30] [Server thread/INFO]: ThreadedAnvilChunkStorage (DIM-1): All chunks are saved
[21:49:30] [Server thread/INFO]: ThreadedAnvilChunkStorage (DIM1): All chunks are saved
[21:49:30] [Server thread/INFO]: ThreadedAnvilChunkStorage: All dimensions are saved

C:\Users\offic\IdeaProjects\webServer\testData\servers\mockServer>java -Xmx1028M -Xms1028M -jar server.jar 
Starting net.minecraft.server.Main
[21:49:40] [ServerMain/INFO]: Environment: Environment[sessionHost=https://sessionserver.mojang.com, servicesHost=https://api.minecraftservices.com, name=PROD]
[21:49:42] [ServerMain/INFO]: Loaded 1290 recipes
[21:49:42] [ServerMain/INFO]: Loaded 1399 advancements
[21:49:42] [Server thread/INFO]: Starting minecraft server version 1.21.1
[21:49:42] [Server thread/INFO]: Loading properties
[21:49:42] [Server thread/INFO]: Default game type: SURVIVAL
[21:49:42] [Server thread/INFO]: Generating keypair
[21:49:42] [Server thread/INFO]: Starting Minecraft server on *:25565
[21:49:42] [Server thread/INFO]: Using default channel type
[21:49:42] [Server thread/INFO]: Preparing level "world"
[21:49:43] [Server thread/INFO]: Preparing start region for dimension minecraft:overworld
[21:49:43] [Worker-Main-6/INFO]: Preparing spawn area: 0%
[21:49:43] [Server thread/INFO]: Time elapsed: 232 ms
[21:49:43] [Server thread/INFO]: Done (0.758s)! For help, type "help"
[21:49:46] [Server thread/INFO]: Stopping the server
[21:49:46] [Server thread/INFO]: Stopping server
[21:49:46] [Server thread/INFO]: Saving players
[21:49:46] [Server thread/INFO]: Saving worlds
[21:49:46] [Server thread/INFO]: Saving chunks for level 'ServerLevel[world]'/minecraft:overworld
[21:49:46] [Server thread/INFO]: Saving chunks for level 'ServerLevel[world]'/minecraft:the_nether
[21:49:46] [Server thread/INFO]: Saving chunks for level 'ServerLevel[world]'/minecraft:the_end
[21:49:46] [Server thread/INFO]: ThreadedAnvilChunkStorage (world): All chunks are saved
[21:49:46] [Server thread/INFO]: ThreadedAnvilChunkStorage (DIM-1): All chunks are saved
[21:49:46] [Server thread/INFO]: ThreadedAnvilChunkStorage (DIM1): All chunks are saved
[21:49:46] [Server thread/INFO]: ThreadedAnvilChunkStorage: All dimensions are saved
